   Compiling eventghost v0.1.0 (C:\Users\Dan\lab\madness_interactive\projects\rust\EventGhost-Rust)
    Finished `dev` profile [unoptimized + debuginfo] target(s) in 15.87s
